

Microchip MPLAB XC8 Assembler V3.10 build 20250813170317 
                                                                                                           Mon Mar  9 19:26:35 2026


     1                           	processor	18F4550
     2                           	pagewidth 132
     3                           	psect	const,global,reloc=2,class=CONST,space=0,delta=1,noexec
     4                           	psect	smallconst,global,reloc=2,class=SMALLCONST,space=0,delta=1,noexec
     5                           	psect	mediumconst,global,reloc=2,class=MEDIUMCONST,space=0,delta=1,noexec
     6                           	psect	rbss,global,class=COMRAM,space=1,delta=1,noexec
     7                           	psect	bss,global,class=RAM,space=1,delta=1,noexec
     8                           	psect	rdata,global,class=COMRAM,space=1,delta=1,noexec
     9                           	psect	irdata,global,reloc=2,class=CODE,space=0,delta=1,noexec
    10                           	psect	data,global,class=RAM,space=1,delta=1,noexec
    11                           	psect	idata,global,reloc=2,class=CODE,space=0,delta=1,noexec
    12                           	psect	nvrram,global,class=COMRAM,space=1,delta=1,noexec
    13                           	psect	nvbit,global,bit,class=COMRAM,space=1,delta=1,noexec
    14                           	psect	temp,global,ovrld,class=COMRAM,space=1,delta=1,noexec
    15                           	psect	struct,global,ovrld,class=COMRAM,space=1,delta=1,noexec
    16                           	psect	rbit,global,bit,class=COMRAM,space=1,delta=1,noexec
    17                           	psect	bigbss,global,class=BIGRAM,space=1,delta=1,noexec
    18                           	psect	bigdata,global,class=BIGRAM,space=1,delta=1,noexec
    19                           	psect	ibigdata,global,reloc=2,class=CODE,space=0,delta=1,noexec
    20                           	psect	farbss,global,reloc=2,class=FARRAM,space=0,delta=1,noexec
    21                           	psect	nvFARRAM,global,reloc=2,class=FARRAM,space=0,delta=1,noexec
    22                           	psect	fardata,global,reloc=2,class=FARRAM,space=0,delta=1,noexec
    23                           	psect	ifardata,global,reloc=2,class=CODE,space=0,delta=1,noexec
    24                           	psect	reset_vec,global,reloc=2,class=CODE,space=0,delta=1
    25                           	psect	powerup,global,reloc=2,class=CODE,space=0,delta=1
    26                           	psect	init,global,reloc=2,class=CODE,space=0,delta=1
    27                           	psect	text,global,reloc=2,class=CODE,space=0,delta=1
    28                           	psect	clrtext,global,reloc=2,class=CODE,space=0,delta=1
    29                           	psect	config,global,class=CONFIG,space=4,delta=1,noexec
    30                           	psect	idloc,global,class=IDLOC,space=5,delta=1,noexec
    31                           	psect	intcode,global,reloc=2,class=CODE,space=0,delta=1
    32                           	psect	sivt_hi,global,reloc=2,class=CODE,space=0,delta=1
    33                           	psect	intcode_body,global,reloc=2,class=CODE,space=0,delta=1
    34                           	psect	intcodelo,global,reloc=2,class=CODE,space=0,delta=1
    35                           	psect	sivt_lo,global,reloc=2,class=CODE,space=0,delta=1
    36                           	psect	intret,global,reloc=2,class=CODE,space=0,delta=1
    37                           	psect	intentry,global,reloc=2,class=CODE,space=0,delta=1
    38                           	psect	intsave_regs,global,class=BIGRAM,space=1,delta=1
    39                           	psect	eeprom_data,global,class=EEDATA,space=0,delta=1,noexec
    40                           	psect	ramtop,global,class=RAM,space=0,delta=1,noexec
    41                           	psect	stack,global,class=STACK,space=2,delta=1,noexec
    42                           	psect	heap,global,class=HEAP,space=7,delta=1,noexec
    43                           	psect	comram,global,class=COMRAM,space=1,delta=1
    44                           	psect	abs1,global,class=ABS1,space=1,delta=1
    45                           	psect	bigram,global,class=BIGRAM,space=1,delta=1
    46                           	psect	ram,global,class=RAM,space=1,delta=1
    47                           	psect	bank0,global,class=BANK0,space=1,delta=1
    48                           	psect	bank1,global,class=BANK1,space=1,delta=1
    49                           	psect	bank2,global,class=BANK2,space=1,delta=1
    50                           	psect	bank3,global,class=BANK3,space=1,delta=1
    51                           	psect	bank4,global,class=BANK4,space=1,delta=1
    52                           	psect	bank5,global,class=BANK5,space=1,delta=1
    53                           	psect	bank6,global,class=BANK6,space=1,delta=1
    54                           	psect	bank7,global,class=BANK7,space=1,delta=1
    55                           	psect	sfr,global,class=SFR,space=1,delta=1
    56                           	psect	bigsfr,global,class=BIGSFR,space=1,delta=1
    57                           
    58                           ; Microchip MPLAB XC8 C Compiler V3.10
    59                           ; Copyright (C) 2025 Microchip Technology Inc.
    60                           ; Auto-generated runtime startup code for final link stage.
    61                           ;
    62                           ; Compiler options:
    63                           ;
    64                           ; -q --opt=none --chip=18f4550 -DPRINTF_INCLUDE_CONFIG_H \
    65                           ; --dfp=/opt/microchip/mplabx/v6.25/packs/Microchip/PIC18Fxxxx_DFP/1.7.171/xc8 \
    66                           ; -I./inc -I./external -I./external/printf build/obj/app/main.p1 \
    67                           ; build/obj/app/app.p1 build/obj/src/gpio.p1 build/obj/src/buffer.p1 \
    68                           ; build/obj/src/uart.p1 build/obj/src/timer0.p1 build/obj/src/isr.p1 \
    69                           ; build/obj/src/system_tick.p1 build/obj/src/clock.p1 \
    70                           ; build/obj/src/button_driver.p1 build/obj/src/ss_display.p1 \
    71                           ; build/obj/external/printf/printf.p1 -oclock --objdir=build/bin \
    72                           ; --outdir=build/bin -L--fixupoverflow=error --std=c99 --rors \
    73                           ; --icl=auto --callgraph=none --warn=-3 \
    74                           ; --errformat=%f:%l:%c: error: (%n) %s \
    75                           ; --warnformat=%f:%l:%c: warning: (%n) %s \
    76                           ; --msgformat=%f:%l:%c: advisory: (%n) %s
    77                           ;
    78   000000                     
    79                           ; Generated 17/01/2025 GMT
    80                           ; 
    81                           ; Copyright © 2025, Microchip Technology Inc. and its subsidiaries ("Microchip")
    82                           ; All rights reserved.
    83                           ; 
    84                           ; This software is developed by Microchip Technology Inc. and its subsidiaries ("Microchip").
    85                           ; 
    86                           ; Redistribution and use in source and binary forms, with or without modification, are
    87                           ; permitted provided that the following conditions are met:
    88                           ; 
    89                           ;     1. Redistributions of source code must retain the above copyright notice, this list of
    90                           ;        conditions and the following disclaimer.
    91                           ; 
    92                           ;     2. Redistributions in binary form must reproduce the above copyright notice, this list
    93                           ;        of conditions and the following disclaimer in the documentation and/or other
    94                           ;        materials provided with the distribution. Publication is not required when
    95                           ;        this file is used in an embedded application.
    96                           ; 
    97                           ;     3. Microchip's name may not be used to endorse or promote products derived from this
    98                           ;        software without specific prior written permission.
    99                           ; 
   100                           ; THIS SOFTWARE IS PROVIDED BY MICROCHIP "AS IS" AND ANY EXPRESS OR IMPLIED WARRANTIES,
   101                           ; INCLUDING, BUT NOT LIMITED TO, THE IMPLIED WARRANTIES OF MERCHANTABILITY AND FITNESS FOR
   102                           ; PURPOSE ARE DISCLAIMED.  IN NO EVENT SHALL MICROCHIP BE LIABLE FOR ANY DIRECT, INDIRECT,
   103                           ; INCIDENTAL, SPECIAL, EXEMPLARY, OR CONSEQUENTIAL DAMAGES (INCLUDING BUT NOT LIMITED TO
   104                           ; PROCUREMENT OF SUBSTITUTE GOODS OR SERVICES; LOSS OF USE, DATA OR PROFITS; OR BUSINESS
   105                           ; INTERRUPTION) HOWSOEVER CAUSED AND ON ANY THEORY OF LIABILITY, WHETHER IN CONTRACT, STRICT
   106                           ; LIABILITY, OR TORT (INCLUDING NEGLIGENCE OR OTHERWISE) ARISING IN ANY WAY OUT OF THE USE OF
   107                           ; THIS SOFTWARE, EVEN IF ADVISED OF THE POSSIBILITY OF SUCH DAMAGE.
   108                           ; 
   109                           ; 
   110                           ; Code-generator required, PIC18F4550 Definitions
   111                           ; 
   112                           ; SFR Addresses
   113   000FE0                     bsr             equ	4064
   114   000FE9                     fsr0            equ	4073
   115   000FEA                     fsr0h           equ	4074
   116   000FE9                     fsr0l           equ	4073
   117   000FE1                     fsr1            equ	4065
   118   000FE2                     fsr1h           equ	4066
   119   000FE1                     fsr1l           equ	4065
   120   000FD9                     fsr2            equ	4057
   121   000FDA                     fsr2h           equ	4058
   122   000FD9                     fsr2l           equ	4057
   123   000FEF                     indf0           equ	4079
   124   000FE7                     indf1           equ	4071
   125   000FDF                     indf2           equ	4063
   126   000FF2                     intcon          equ	4082
   127   000000                     nvmcon          equ	0
   128   000FF9                     pcl             equ	4089
   129   000FFA                     pclath          equ	4090
   130   000FFB                     pclatu          equ	4091
   131   000FEB                     plusw0          equ	4075
   132   000FE3                     plusw1          equ	4067
   133   000FDB                     plusw2          equ	4059
   134   000FED                     postdec0        equ	4077
   135   000FE5                     postdec1        equ	4069
   136   000FDD                     postdec2        equ	4061
   137   000FEE                     postinc0        equ	4078
   138   000FE6                     postinc1        equ	4070
   139   000FDE                     postinc2        equ	4062
   140   000FEC                     preinc0         equ	4076
   141   000FE4                     preinc1         equ	4068
   142   000FDC                     preinc2         equ	4060
   143   000FF3                     prod            equ	4083
   144   000FF4                     prodh           equ	4084
   145   000FF3                     prodl           equ	4083
   146   000FD8                     status          equ	4056
   147   000FF5                     tablat          equ	4085
   148   000FF6                     tblptr          equ	4086
   149   000FF7                     tblptrh         equ	4087
   150   000FF6                     tblptrl         equ	4086
   151   000FF8                     tblptru         equ	4088
   152   000FFD                     tosl            equ	4093
   153   000FE8                     wreg            equ	4072
   154   000001                     pic18cxx        equ	1
   155                           
   156                           	psect	reset_vec
   157   000000                     
   158                           ; No powerup routine
   159                           ; jump to start
   160   000000  EF07  F000         	goto	start
   161   000060                     __accesstop     equ	96
   162                           
   163                           ;Initialize the stack pointer (FSR1)
   164   000000                     stacklo         equ	0
   165   000000                     stackhi         equ	0
   166                           
   167                           	psect	init
   168   00000E                     start:
   169                           	callstack 0
   170   00000E  EF85  F016         	goto	start_initialization	;jump to C runtime clear & initialization
   171                           
   172                           	psect	text
   173   000000                     intlevel0:
   174                           	callstack 0
   175   000000                     intlevel1:
   176                           	callstack 0
   177   000000                     intlevel2:
   178                           	callstack 0
   179   000000                     intlevel3:
   180                           	callstack 0	; top of RAM usage
   181                           
   182                           	psect	ramtop
   183   000800                     __ramtop:
   184                           	callstack 0
   185                           
   186                           	psect	stack
   187   000000                     ___sp:
   188                           	callstack 0
   189   000000                     ___inthi_sp:
   190                           	callstack 0
   191   000000                     ___intlo_sp:
   192                           	callstack 0
   193   000000                     ___stack_lo:
   194                           	callstack 0
   195   000000                     ___stack_hi:
   196                           	callstack 0
   197   000000                     ___inthi_stack_lo:
   198                           	callstack 0
   199   000000                     ___inthi_stack_hi:
   200                           	callstack 0
   201   000000                     ___intlo_stack_lo:
   202                           	callstack 0
   203   000000                     ___intlo_stack_hi:
   204                           	callstack 0
   205                           
   206                           ; No heap to be allocated
   207                           
   208                           	psect	heap
   209   000000                     ___heap_lo      equ	0
   210   000000                     ___heap_hi      equ	0
   211                           tosu	equ	0xFFF
   212                           tosh	equ	0xFFE
   213                           tosl	equ	0xFFD
   214                           stkptr	equ	0xFFC
   215                           pclatu	equ	0xFFB
   216                           pclath	equ	0xFFA
   217                           pcl	equ	0xFF9
   218                           tblptru	equ	0xFF8
   219                           tblptrh	equ	0xFF7
   220                           tblptrl	equ	0xFF6
   221                           tablat	equ	0xFF5
   222                           prodh	equ	0xFF4
   223                           prodl	equ	0xFF3
   224                           indf0	equ	0xFEF
   225                           postinc0	equ	0xFEE
   226                           postdec0	equ	0xFED
   227                           preinc0	equ	0xFEC
   228                           plusw0	equ	0xFEB
   229                           fsr0h	equ	0xFEA
   230                           fsr0l	equ	0xFE9
   231                           wreg	equ	0xFE8
   232                           indf1	equ	0xFE7
   233                           postinc1	equ	0xFE6
   234                           postdec1	equ	0xFE5
   235                           preinc1	equ	0xFE4
   236                           plusw1	equ	0xFE3
   237                           fsr1h	equ	0xFE2
   238                           fsr1l	equ	0xFE1
   239                           bsr	equ	0xFE0
   240                           indf2	equ	0xFDF
   241                           postinc2	equ	0xFDE
   242                           postdec2	equ	0xFDD
   243                           preinc2	equ	0xFDC
   244                           plusw2	equ	0xFDB
   245                           fsr2h	equ	0xFDA
   246                           fsr2l	equ	0xFD9
   247                           status	equ	0xFD8


Microchip Technology PIC18 Macro Assembler V3.10 build 20250813170317 
Symbol Table                                                                                               Mon Mar  9 19:26:35 2026

                __S1 01E1                 ___sp 0000                 _main 2366                 start 000E  
              __HRAM 0000                __LRAM 0001               isa$std 0001     ___inthi_stack_hi 0000  
   ___inthi_stack_lo 0000               stackhi 0000               stacklo 0000           __accesstop 0060  
         ___inthi_sp 0000           ___intlo_sp 0000           ___stack_hi 0000           ___stack_lo 0000  
   ___intlo_stack_hi 0000     ___intlo_stack_lo 0000              __ramtop 0800  start_initialization 2D0A  
          ___heap_hi 0000            ___heap_lo 0000             isa$xinst 0000             intlevel0 0000  
           intlevel1 0000             intlevel2 0000             intlevel3 0000             reset_vec 0000  
